============================= test session starts =============================
platform win32 -- Python 3.11.2, pytest-7.4.3, pluggy-1.5.0 -- C:\Users\apkos\MyPython\AIAgentWorkflow\.venv\Scripts\python.exe
cachedir: .pytest_cache
rootdir: C:\Users\apkos\MyPython\AIAgentWorkflow
configfile: pytest.ini
plugins: asyncio-0.23.3, cov-4.1.0
asyncio: mode=Mode.AUTO
collecting ... collected 0 items / 1 error

=================================== ERRORS ====================================
_________________ ERROR collecting tests/test_integration.py __________________
.venv\Lib\site-packages\_pytest\python.py:617: in _importtestmodule
    mod = import_path(self.path, mode=importmode, root=self.config.rootpath)
.venv\Lib\site-packages\_pytest\pathlib.py:567: in import_path
    importlib.import_module(module_name)
..\..\AppData\Local\Programs\Python\Python311\Lib\importlib\__init__.py:126: in import_module
    return _bootstrap._gcd_import(name[level:], package, level)
<frozen importlib._bootstrap>:1206: in _gcd_import
    ???
<frozen importlib._bootstrap>:1178: in _find_and_load
    ???
<frozen importlib._bootstrap>:1149: in _find_and_load_unlocked
    ???
<frozen importlib._bootstrap>:690: in _load_unlocked
    ???
.venv\Lib\site-packages\_pytest\assertion\rewrite.py:186: in exec_module
    exec(co, module.__dict__)
tests\test_integration.py:10: in <module>
    from ai_agents.product_manager import ProductManager
ai_agents\__init__.py:8: in <module>
    from .product_manager import ProductManager
ai_agents\product_manager.py:7: in <module>
    from .approval_system import ApprovalSystem, ValidationResult
E     File "C:\Users\apkos\MyPython\AIAgentWorkflow\ai_agents\approval_system.py", line 128
E       """
E          ^
E   SyntaxError: f-string expression part cannot include a backslash
=========================== short test summary info ===========================
ERROR tests/test_integration.py
!!!!!!!!!!!!!!!!!!! Interrupted: 1 error during collection !!!!!!!!!!!!!!!!!!!!
============================== 1 error in 1.11s ===============================
